Archive member included to satisfy reference by file (symbol)

c:/program files (x86)/atollic/truestudio for stm32 9.3.0/armtools/bin/../lib/gcc/arm-atollic-eabi/6.3.1/../../../../arm-atollic-eabi/lib/armv7-m\libc_nano.a(lib_a-errno.o)
                              Src\syscalls.o (__errno)
c:/program files (x86)/atollic/truestudio for stm32 9.3.0/armtools/bin/../lib/gcc/arm-atollic-eabi/6.3.1/../../../../arm-atollic-eabi/lib/armv7-m\libc_nano.a(lib_a-impure.o)
                              c:/program files (x86)/atollic/truestudio for stm32 9.3.0/armtools/bin/../lib/gcc/arm-atollic-eabi/6.3.1/../../../../arm-atollic-eabi/lib/armv7-m\libc_nano.a(lib_a-errno.o) (_impure_ptr)
c:/program files (x86)/atollic/truestudio for stm32 9.3.0/armtools/bin/../lib/gcc/arm-atollic-eabi/6.3.1/../../../../arm-atollic-eabi/lib/armv7-m\libc_nano.a(lib_a-init.o)
                              startup\startup_stm32f107xc.o (__libc_init_array)
c:/program files (x86)/atollic/truestudio for stm32 9.3.0/armtools/bin/../lib/gcc/arm-atollic-eabi/6.3.1/../../../../arm-atollic-eabi/lib/armv7-m\libc_nano.a(lib_a-memset.o)
                              Src\main.o (memset)
c:/program files (x86)/atollic/truestudio for stm32 9.3.0/armtools/bin/../lib/gcc/arm-atollic-eabi/6.3.1/armv7-m\libgcc.a(_aeabi_uldivmod.o)
                              Drivers\STM32F1xx_HAL_Driver\Src\stm32f1xx_hal_rcc.o (__aeabi_uldivmod)
c:/program files (x86)/atollic/truestudio for stm32 9.3.0/armtools/bin/../lib/gcc/arm-atollic-eabi/6.3.1/armv7-m\libgcc.a(_udivmoddi4.o)
                              c:/program files (x86)/atollic/truestudio for stm32 9.3.0/armtools/bin/../lib/gcc/arm-atollic-eabi/6.3.1/armv7-m\libgcc.a(_aeabi_uldivmod.o) (__udivmoddi4)
c:/program files (x86)/atollic/truestudio for stm32 9.3.0/armtools/bin/../lib/gcc/arm-atollic-eabi/6.3.1/armv7-m\libgcc.a(_dvmd_tls.o)
                              c:/program files (x86)/atollic/truestudio for stm32 9.3.0/armtools/bin/../lib/gcc/arm-atollic-eabi/6.3.1/armv7-m\libgcc.a(_aeabi_uldivmod.o) (__aeabi_ldiv0)

Allocating common symbols
Common symbol       size              file

uwTick              0x4               Drivers\STM32F1xx_HAL_Driver\Src\stm32f1xx_hal.o
pFlash              0x20              Drivers\STM32F1xx_HAL_Driver\Src\stm32f1xx_hal_flash.o

Discarded input sections

 .text          0x00000000        0x0 c:/program files (x86)/atollic/truestudio for stm32 9.3.0/armtools/bin/../lib/gcc/arm-atollic-eabi/6.3.1/armv7-m/crti.o
 .data          0x00000000        0x0 c:/program files (x86)/atollic/truestudio for stm32 9.3.0/armtools/bin/../lib/gcc/arm-atollic-eabi/6.3.1/armv7-m/crti.o
 .bss           0x00000000        0x0 c:/program files (x86)/atollic/truestudio for stm32 9.3.0/armtools/bin/../lib/gcc/arm-atollic-eabi/6.3.1/armv7-m/crti.o
 .data          0x00000000        0x4 c:/program files (x86)/atollic/truestudio for stm32 9.3.0/armtools/bin/../lib/gcc/arm-atollic-eabi/6.3.1/armv7-m/crtbegin.o
 .group         0x00000000        0x8 Drivers\STM32F1xx_HAL_Driver\Src\stm32f1xx_hal.o
 .group         0x00000000        0x8 Drivers\STM32F1xx_HAL_Driver\Src\stm32f1xx_hal.o
 .group         0x00000000        0x8 Drivers\STM32F1xx_HAL_Driver\Src\stm32f1xx_hal.o
 .group         0x00000000        0x8 Drivers\STM32F1xx_HAL_Driver\Src\stm32f1xx_hal.o
 .group         0x00000000        0x8 Drivers\STM32F1xx_HAL_Driver\Src\stm32f1xx_hal.o
 .group         0x00000000        0x8 Drivers\STM32F1xx_HAL_Driver\Src\stm32f1xx_hal.o
 .group         0x00000000        0x8 Drivers\STM32F1xx_HAL_Driver\Src\stm32f1xx_hal.o
 .group         0x00000000        0x8 Drivers\STM32F1xx_HAL_Driver\Src\stm32f1xx_hal.o
 .group         0x00000000        0x8 Drivers\STM32F1xx_HAL_Driver\Src\stm32f1xx_hal.o
 .group         0x00000000        0x8 Drivers\STM32F1xx_HAL_Driver\Src\stm32f1xx_hal.o
 .group         0x00000000        0x8 Drivers\STM32F1xx_HAL_Driver\Src\stm32f1xx_hal.o
 .group         0x00000000        0x8 Drivers\STM32F1xx_HAL_Driver\Src\stm32f1xx_hal.o
 .group         0x00000000        0x8 Drivers\STM32F1xx_HAL_Driver\Src\stm32f1xx_hal.o
 .group         0x00000000        0x8 Drivers\STM32F1xx_HAL_Driver\Src\stm32f1xx_hal.o
 .group         0x00000000        0x8 Drivers\STM32F1xx_HAL_Driver\Src\stm32f1xx_hal.o
 .group         0x00000000        0x8 Drivers\STM32F1xx_HAL_Driver\Src\stm32f1xx_hal.o
 .group         0x00000000        0x8 Drivers\STM32F1xx_HAL_Driver\Src\stm32f1xx_hal.o
 .group         0x00000000        0x8 Drivers\STM32F1xx_HAL_Driver\Src\stm32f1xx_hal.o
 .group         0x00000000        0x8 Drivers\STM32F1xx_HAL_Driver\Src\stm32f1xx_hal.o
 .group         0x00000000        0x8 Drivers\STM32F1xx_HAL_Driver\Src\stm32f1xx_hal.o
 .group         0x00000000        0x8 Drivers\STM32F1xx_HAL_Driver\Src\stm32f1xx_hal.o
 .group         0x00000000        0x8 Drivers\STM32F1xx_HAL_Driver\Src\stm32f1xx_hal.o
 .group         0x00000000        0x8 Drivers\STM32F1xx_HAL_Driver\Src\stm32f1xx_hal.o
[...]
Memory Configuration

Name             Origin             Length             Attributes
RAM              0x20000000         0x00010000         xrw
FLASH            0x08000000         0x00040000         xr
*default*        0x00000000         0xffffffff

Linker script and memory map

LOAD c:/program files (x86)/atollic/truestudio for stm32 9.3.0/armtools/bin/../lib/gcc/arm-atollic-eabi/6.3.1/armv7-m/crti.o
LOAD c:/program files (x86)/atollic/truestudio for stm32 9.3.0/armtools/bin/../lib/gcc/arm-atollic-eabi/6.3.1/armv7-m/crtbegin.o
LOAD Drivers\STM32F1xx_HAL_Driver\Src\stm32f1xx_hal.o
LOAD Drivers\STM32F1xx_HAL_Driver\Src\stm32f1xx_hal_cortex.o
LOAD Drivers\STM32F1xx_HAL_Driver\Src\stm32f1xx_hal_dma.o
LOAD Drivers\STM32F1xx_HAL_Driver\Src\stm32f1xx_hal_exti.o
LOAD Drivers\STM32F1xx_HAL_Driver\Src\stm32f1xx_hal_flash.o
LOAD Drivers\STM32F1xx_HAL_Driver\Src\stm32f1xx_hal_flash_ex.o
LOAD Drivers\STM32F1xx_HAL_Driver\Src\stm32f1xx_hal_gpio.o
LOAD Drivers\STM32F1xx_HAL_Driver\Src\stm32f1xx_hal_gpio_ex.o
LOAD Drivers\STM32F1xx_HAL_Driver\Src\stm32f1xx_hal_pwr.o
LOAD Drivers\STM32F1xx_HAL_Driver\Src\stm32f1xx_hal_rcc.o
LOAD Drivers\STM32F1xx_HAL_Driver\Src\stm32f1xx_hal_rcc_ex.o
LOAD Drivers\STM32F1xx_HAL_Driver\Src\stm32f1xx_hal_tim.o
LOAD Drivers\STM32F1xx_HAL_Driver\Src\stm32f1xx_hal_tim_ex.o
LOAD Src\gpio.o
LOAD Src\main.o
LOAD Src\stm32f1xx_hal_msp.o
LOAD Src\stm32f1xx_it.o
LOAD Src\syscalls.o
LOAD Src\system_stm32f1xx.o
LOAD startup\startup_stm32f107xc.o
                0x00000080                malloc_getpagesize_P = 0x80
START GROUP
LOAD c:/program files (x86)/atollic/truestudio for stm32 9.3.0/armtools/bin/../lib/gcc/arm-atollic-eabi/6.3.1/../../../../arm-atollic-eabi/lib/armv7-m\libc_nano.a
LOAD c:/program files (x86)/atollic/truestudio for stm32 9.3.0/armtools/bin/../lib/gcc/arm-atollic-eabi/6.3.1/../../../../arm-atollic-eabi/lib/armv7-m\libm.a
END GROUP
START GROUP
LOAD c:/program files (x86)/atollic/truestudio for stm32 9.3.0/armtools/bin/../lib/gcc/arm-atollic-eabi/6.3.1/armv7-m\libgcc.a
LOAD c:/program files (x86)/atollic/truestudio for stm32 9.3.0/armtools/bin/../lib/gcc/arm-atollic-eabi/6.3.1/../../../../arm-atollic-eabi/lib/armv7-m\libc_nano.a
END GROUP
START GROUP
LOAD c:/program files (x86)/atollic/truestudio for stm32 9.3.0/armtools/bin/../lib/gcc/arm-atollic-eabi/6.3.1/armv7-m\libgcc.a
LOAD c:/program files (x86)/atollic/truestudio for stm32 9.3.0/armtools/bin/../lib/gcc/arm-atollic-eabi/6.3.1/../../../../arm-atollic-eabi/lib/armv7-m\libc_nano.a
LOAD c:/program files (x86)/atollic/truestudio for stm32 9.3.0/armtools/bin/../lib/gcc/arm-atollic-eabi/6.3.1/../../../../arm-atollic-eabi/lib/armv7-m\libnosys.a
END GROUP
START GROUP
LOAD c:/program files (x86)/atollic/truestudio for stm32 9.3.0/armtools/bin/../lib/gcc/arm-atollic-eabi/6.3.1/armv7-m\libgcc.a
LOAD c:/program files (x86)/atollic/truestudio for stm32 9.3.0/armtools/bin/../lib/gcc/arm-atollic-eabi/6.3.1/../../../../arm-atollic-eabi/lib/armv7-m\libc_nano.a
LOAD c:/program files (x86)/atollic/truestudio for stm32 9.3.0/armtools/bin/../lib/gcc/arm-atollic-eabi/6.3.1/../../../../arm-atollic-eabi/lib/armv7-m\libnosys.a
END GROUP
LOAD c:/program files (x86)/atollic/truestudio for stm32 9.3.0/armtools/bin/../lib/gcc/arm-atollic-eabi/6.3.1/armv7-m/crtend.o
LOAD c:/program files (x86)/atollic/truestudio for stm32 9.3.0/armtools/bin/../lib/gcc/arm-atollic-eabi/6.3.1/armv7-m/crtn.o
                0x20010000                _estack = 0x20010000
                0x00000200                _Min_Heap_Size = 0x200
                0x00000400                _Min_Stack_Size = 0x400

.isr_vector     0x08000000      0x1e4
                0x08000000                . = ALIGN (0x4)
 *(.isr_vector)
 .isr_vector    0x08000000      0x1e4 startup\startup_stm32f107xc.o
                0x08000000                g_pfnVectors
                0x080001e4                . = ALIGN (0x4)

.text           0x080001e4     0x15e4
                0x080001e4                . = ALIGN (0x4)
 *(.text)
 .text          0x080001e4       0x40 c:/program files (x86)/atollic/truestudio for stm32 9.3.0/armtools/bin/../lib/gcc/arm-atollic-eabi/6.3.1/armv7-m/crtbegin.o
 .text          0x08000224       0x30 c:/program files (x86)/atollic/truestudio for stm32 9.3.0/armtools/bin/../lib/gcc/arm-atollic-eabi/6.3.1/armv7-m\libgcc.a(_aeabi_uldivmod.o)
                0x08000224                __aeabi_uldivmod
 .text          0x08000254      0x2dc c:/program files (x86)/atollic/truestudio for stm32 9.3.0/armtools/bin/../lib/gcc/arm-atollic-eabi/6.3.1/armv7-m\libgcc.a(_udivmoddi4.o)
                0x08000254                __udivmoddi4
 .text          0x08000530        0x4 c:/program files (x86)/atollic/truestudio for stm32 9.3.0/armtools/bin/../lib/gcc/arm-atollic-eabi/6.3.1/armv7-m\libgcc.a(_dvmd_tls.o)
                0x08000530                __aeabi_idiv0
                0x08000530                __aeabi_ldiv0
 *(.text*)
 .text.HAL_Init
                0x08000534       0x2c Drivers\STM32F1xx_HAL_Driver\Src\stm32f1xx_hal.o
                0x08000534                HAL_Init
 .text.HAL_InitTick
                0x08000560       0x60 Drivers\STM32F1xx_HAL_Driver\Src\stm32f1xx_hal.o
                0x08000560                HAL_InitTick
 .text.HAL_IncTick
                0x080005c0       0x24 Drivers\STM32F1xx_HAL_Driver\Src\stm32f1xx_hal.o
                0x080005c0                HAL_IncTick
 .text.HAL_GetTick
                0x080005e4       0x14 Drivers\STM32F1xx_HAL_Driver\Src\stm32f1xx_hal.o
                0x080005e4                HAL_GetTick
 .text.__NVIC_SetPriorityGrouping
                0x080005f8       0x48 Drivers\STM32F1xx_HAL_Driver\Src\stm32f1xx_hal_cortex.o
 .text.__NVIC_GetPriorityGrouping
                0x08000640       0x1c Drivers\STM32F1xx_HAL_Driver\Src\stm32f1xx_hal_cortex.o
 .text.__NVIC_SetPriority
                0x0800065c       0x54 Drivers\STM32F1xx_HAL_Driver\Src\stm32f1xx_hal_cortex.o
 .text.NVIC_EncodePriority
                0x080006b0       0x60 Drivers\STM32F1xx_HAL_Driver\Src\stm32f1xx_hal_cortex.o
 .text.SysTick_Config
                0x08000710       0x44 Drivers\STM32F1xx_HAL_Driver\Src\stm32f1xx_hal_cortex.o
 .text.HAL_NVIC_SetPriorityGrouping
                0x08000754       0x16 Drivers\STM32F1xx_HAL_Driver\Src\stm32f1xx_hal_cortex.o
                0x08000754                HAL_NVIC_SetPriorityGrouping
 .text.HAL_NVIC_SetPriority
                0x0800076a       0x38 Drivers\STM32F1xx_HAL_Driver\Src\stm32f1xx_hal_cortex.o
                0x0800076a                HAL_NVIC_SetPriority
 .text.HAL_SYSTICK_Config
                0x080007a2       0x18 Drivers\STM32F1xx_HAL_Driver\Src\stm32f1xx_hal_cortex.o
                0x080007a2                HAL_SYSTICK_Config
 *fill*         0x080007ba        0x2 
 .text.HAL_GPIO_Init
                0x080007bc      0x2b4 Drivers\STM32F1xx_HAL_Driver\Src\stm32f1xx_hal_gpio.o
                0x080007bc                HAL_GPIO_Init
 .text.HAL_GPIO_WritePin
                0x08000a70       0x30 Drivers\STM32F1xx_HAL_Driver\Src\stm32f1xx_hal_gpio.o
                0x08000a70                HAL_GPIO_WritePin
 .text.HAL_RCC_OscConfig
                0x08000aa0      0x62c Drivers\STM32F1xx_HAL_Driver\Src\stm32f1xx_hal_rcc.o
                0x08000aa0                HAL_RCC_OscConfig
 .text.HAL_RCC_ClockConfig
                0x080010cc      0x1d4 Drivers\STM32F1xx_HAL_Driver\Src\stm32f1xx_hal_rcc.o
                0x080010cc                HAL_RCC_ClockConfig
 .text.HAL_RCC_GetSysClockFreq
                0x080012a0      0x178 Drivers\STM32F1xx_HAL_Driver\Src\stm32f1xx_hal_rcc.o
                0x080012a0                HAL_RCC_GetSysClockFreq
 .text.RCC_Delay
                0x08001418       0x3c Drivers\STM32F1xx_HAL_Driver\Src\stm32f1xx_hal_rcc.o
 .text.MX_GPIO_Init
                0x08001454       0xb4 Src\gpio.o
                0x08001454                MX_GPIO_Init
 .text.main     0x08001508       0x1c Src\main.o
                0x08001508                main
 .text.SystemClock_Config
                0x08001524       0xa8 Src\main.o
                0x08001524                SystemClock_Config
 .text.Error_Handler
                0x080015cc        0xc Src\main.o
                0x080015cc                Error_Handler
 .text.HAL_MspInit
                0x080015d8       0x64 Src\stm32f1xx_hal_msp.o
                0x080015d8                HAL_MspInit
 .text.NMI_Handler
                0x0800163c        0xc Src\stm32f1xx_it.o
                0x0800163c                NMI_Handler
 .text.HardFault_Handler
                0x08001648        0x6 Src\stm32f1xx_it.o
                0x08001648                HardFault_Handler
 .text.MemManage_Handler
                0x0800164e        0x6 Src\stm32f1xx_it.o
                0x0800164e                MemManage_Handler
 .text.BusFault_Handler
                0x08001654        0x6 Src\stm32f1xx_it.o
                0x08001654                BusFault_Handler
 .text.UsageFault_Handler
                0x0800165a        0x6 Src\stm32f1xx_it.o
                0x0800165a                UsageFault_Handler
 .text.SVC_Handler
                0x08001660        0xc Src\stm32f1xx_it.o
                0x08001660                SVC_Handler
 .text.DebugMon_Handler
                0x0800166c        0xc Src\stm32f1xx_it.o
                0x0800166c                DebugMon_Handler
 .text.PendSV_Handler
                0x08001678        0xc Src\stm32f1xx_it.o
                0x08001678                PendSV_Handler
 .text.SysTick_Handler
                0x08001684        0xc Src\stm32f1xx_it.o
                0x08001684                SysTick_Handler
 .text.SystemInit
                0x08001690       0x7c Src\system_stm32f1xx.o
                0x08001690                SystemInit
 .text.Reset_Handler
                0x0800170c       0x48 startup\startup_stm32f107xc.o
                0x0800170c                Reset_Handler
 .text.Default_Handler
                0x08001754        0x2 startup\startup_stm32f107xc.o
                0x08001754                RTC_Alarm_IRQHandler
                0x08001754                EXTI2_IRQHandler
                0x08001754                TIM1_CC_IRQHandler
                0x08001754                TIM6_IRQHandler
                0x08001754                PVD_IRQHandler
                0x08001754                CAN2_RX1_IRQHandler
                0x08001754                EXTI3_IRQHandler
                0x08001754                EXTI0_IRQHandler
                0x08001754                I2C2_EV_IRQHandler
                0x08001754                CAN1_RX0_IRQHandler
                0x08001754                CAN2_SCE_IRQHandler
                0x08001754                ADC1_2_IRQHandler
                0x08001754                SPI1_IRQHandler
                0x08001754                TAMPER_IRQHandler
                0x08001754                CAN2_RX0_IRQHandler
                0x08001754                DMA2_Channel2_IRQHandler
                0x08001754                DMA1_Channel4_IRQHandler
                0x08001754                USART3_IRQHandler
                0x08001754                RTC_IRQHandler
                0x08001754                DMA1_Channel7_IRQHandler
                0x08001754                CAN1_RX1_IRQHandler
                0x08001754                UART5_IRQHandler
                0x08001754                TIM4_IRQHandler
                0x08001754                DMA2_Channel1_IRQHandler
                0x08001754                I2C1_EV_IRQHandler
                0x08001754                DMA1_Channel6_IRQHandler
                0x08001754                UART4_IRQHandler
                0x08001754                DMA2_Channel4_IRQHandler
                0x08001754                TIM3_IRQHandler
                0x08001754                RCC_IRQHandler
                0x08001754                TIM1_TRG_COM_IRQHandler
                0x08001754                DMA1_Channel1_IRQHandler
                0x08001754                Default_Handler
                0x08001754                EXTI15_10_IRQHandler
                0x08001754                TIM7_IRQHandler
                0x08001754                CAN2_TX_IRQHandler
                0x08001754                TIM5_IRQHandler
                0x08001754                EXTI9_5_IRQHandler
                0x08001754                ETH_WKUP_IRQHandler
                0x08001754                SPI2_IRQHandler
                0x08001754                CAN1_TX_IRQHandler
                0x08001754                DMA2_Channel5_IRQHandler
                0x08001754                DMA1_Channel5_IRQHandler
                0x08001754                EXTI4_IRQHandler
                0x08001754                DMA1_Channel3_IRQHandler
                0x08001754                ETH_IRQHandler
                0x08001754                TIM1_UP_IRQHandler
                0x08001754                WWDG_IRQHandler
                0x08001754                TIM2_IRQHandler
                0x08001754                OTG_FS_WKUP_IRQHandler
                0x08001754                TIM1_BRK_IRQHandler
                0x08001754                EXTI1_IRQHandler
                0x08001754                USART2_IRQHandler
                0x08001754                I2C2_ER_IRQHandler
                0x08001754                DMA1_Channel2_IRQHandler
                0x08001754                CAN1_SCE_IRQHandler
                0x08001754                FLASH_IRQHandler
                0x08001754                USART1_IRQHandler
                0x08001754                OTG_FS_IRQHandler
                0x08001754                SPI3_IRQHandler
                0x08001754                I2C1_ER_IRQHandler
                0x08001754                DMA2_Channel3_IRQHandler
 *fill*         0x08001756        0x2 
 .text.__libc_init_array
                0x08001758       0x48 c:/program files (x86)/atollic/truestudio for stm32 9.3.0/armtools/bin/../lib/gcc/arm-atollic-eabi/6.3.1/../../../../arm-atollic-eabi/lib/armv7-m\libc_nano.a(lib_a-init.o)
                0x08001758                __libc_init_array
 .text.memset   0x080017a0       0x10 c:/program files (x86)/atollic/truestudio for stm32 9.3.0/armtools/bin/../lib/gcc/arm-atollic-eabi/6.3.1/../../../../arm-atollic-eabi/lib/armv7-m\libc_nano.a(lib_a-memset.o)
                0x080017a0                memset
 *(.glue_7)
 .glue_7        0x080017b0        0x0 linker stubs
 *(.glue_7t)
 .glue_7t       0x080017b0        0x0 linker stubs
 *(.eh_frame)
 .eh_frame      0x080017b0        0x0 c:/program files (x86)/atollic/truestudio for stm32 9.3.0/armtools/bin/../lib/gcc/arm-atollic-eabi/6.3.1/armv7-m/crtbegin.o
 *(.init)
 .init          0x080017b0        0x4 c:/program files (x86)/atollic/truestudio for stm32 9.3.0/armtools/bin/../lib/gcc/arm-atollic-eabi/6.3.1/armv7-m/crti.o
                0x080017b0                _init
 .init          0x080017b4        0x8 c:/program files (x86)/atollic/truestudio for stm32 9.3.0/armtools/bin/../lib/gcc/arm-atollic-eabi/6.3.1/armv7-m/crtn.o
 *(.fini)
 .fini          0x080017bc        0x4 c:/program files (x86)/atollic/truestudio for stm32 9.3.0/armtools/bin/../lib/gcc/arm-atollic-eabi/6.3.1/armv7-m/crti.o
                0x080017bc                _fini
 .fini          0x080017c0        0x8 c:/program files (x86)/atollic/truestudio for stm32 9.3.0/armtools/bin/../lib/gcc/arm-atollic-eabi/6.3.1/armv7-m/crtn.o
                0x080017c8                . = ALIGN (0x4)
                0x080017c8                _etext = .

.vfp11_veneer   0x080017c8        0x0
 .vfp11_veneer  0x080017c8        0x0 linker stubs

.v4_bx          0x080017c8        0x0
 .v4_bx         0x080017c8        0x0 linker stubs

.iplt           0x080017c8        0x0
 .iplt          0x080017c8        0x0 c:/program files (x86)/atollic/truestudio for stm32 9.3.0/armtools/bin/../lib/gcc/arm-atollic-eabi/6.3.1/armv7-m/crtbegin.o

.rodata         0x080017c8       0x30
                0x080017c8                . = ALIGN (0x4)
 *(.rodata)
 .rodata        0x080017c8       0x20 Drivers\STM32F1xx_HAL_Driver\Src\stm32f1xx_hal_rcc.o
 *(.rodata*)
 .rodata.AHBPrescTable
                0x080017e8       0x10 Src\system_stm32f1xx.o
                0x080017e8                AHBPrescTable
                0x080017f8                . = ALIGN (0x4)

.ARM.extab
 *(.ARM.extab* .gnu.linkonce.armextab.*)

.ARM            0x080017f8        0x8
                0x080017f8                __exidx_start = .
 *(.ARM.exidx*)
 .ARM.exidx     0x080017f8        0x8 c:/program files (x86)/atollic/truestudio for stm32 9.3.0/armtools/bin/../lib/gcc/arm-atollic-eabi/6.3.1/armv7-m\libgcc.a(_udivmoddi4.o)
                0x08001800                __exidx_end = .

.rel.dyn        0x08001800        0x0
 .rel.iplt      0x08001800        0x0 c:/program files (x86)/atollic/truestudio for stm32 9.3.0/armtools/bin/../lib/gcc/arm-atollic-eabi/6.3.1/armv7-m/crtbegin.o

.preinit_array  0x08001800        0x0
                0x08001800                PROVIDE (__preinit_array_start, .)
 *(.preinit_array*)
                0x08001800                PROVIDE (__preinit_array_end, .)

.init_array     0x08001800        0x4
                0x08001800                PROVIDE (__init_array_start, .)
 *(SORT(.init_array.*))
 *(.init_array*)
 .init_array    0x08001800        0x4 c:/program files (x86)/atollic/truestudio for stm32 9.3.0/armtools/bin/../lib/gcc/arm-atollic-eabi/6.3.1/armv7-m/crtbegin.o
                0x08001804                PROVIDE (__init_array_end, .)

.fini_array     0x08001804        0x4
                [!provide]                PROVIDE (__fini_array_start, .)
 *(SORT(.fini_array.*))
 *(.fini_array*)
 .fini_array    0x08001804        0x4 c:/program files (x86)/atollic/truestudio for stm32 9.3.0/armtools/bin/../lib/gcc/arm-atollic-eabi/6.3.1/armv7-m/crtbegin.o
                [!provide]                PROVIDE (__fini_array_end, .)
                0x08001808                _sidata = LOADADDR (.data)

.data           0x20000000        0xc load address 0x08001808
                0x20000000                . = ALIGN (0x4)
                0x20000000                _sdata = .
 *(.data)
 *(.data*)
 .data.uwTickPrio
                0x20000000        0x4 Drivers\STM32F1xx_HAL_Driver\Src\stm32f1xx_hal.o
                0x20000000                uwTickPrio
 .data.uwTickFreq
                0x20000004        0x1 Drivers\STM32F1xx_HAL_Driver\Src\stm32f1xx_hal.o
                0x20000004                uwTickFreq
 *fill*         0x20000005        0x3 
 .data.SystemCoreClock
                0x20000008        0x4 Src\system_stm32f1xx.o
                0x20000008                SystemCoreClock
                0x2000000c                . = ALIGN (0x4)
                0x2000000c                _edata = .

.igot.plt       0x2000000c        0x0 load address 0x08001814
 .igot.plt      0x2000000c        0x0 c:/program files (x86)/atollic/truestudio for stm32 9.3.0/armtools/bin/../lib/gcc/arm-atollic-eabi/6.3.1/armv7-m/crtbegin.o
                0x2000000c                . = ALIGN (0x4)

.bss            0x2000000c       0x20 load address 0x08001814
                0x2000000c                _sbss = .
                0x2000000c                __bss_start__ = _sbss
 *(.bss)
 .bss           0x2000000c       0x1c c:/program files (x86)/atollic/truestudio for stm32 9.3.0/armtools/bin/../lib/gcc/arm-atollic-eabi/6.3.1/armv7-m/crtbegin.o
 *(.bss*)
 *(COMMON)
 COMMON         0x20000028        0x4 Drivers\STM32F1xx_HAL_Driver\Src\stm32f1xx_hal.o
                0x20000028                uwTick
                0x2000002c                . = ALIGN (0x4)
                0x2000002c                _ebss = .
                0x2000002c                __bss_end__ = _ebss

._user_heap_stack
                0x2000002c      0x600 load address 0x08001814
                0x2000002c                . = ALIGN (0x4)
                0x2000002c                PROVIDE (end, .)
                [!provide]                PROVIDE (_end, .)
                0x2000022c                . = (. + _Min_Heap_Size)
 *fill*         0x2000002c      0x200 
                0x2000062c                . = (. + _Min_Stack_Size)
 *fill*         0x2000022c      0x400 
                0x2000062c                . = ALIGN (0x4)

/DISCARD/
 libc.a(*)
 libm.a(*)
 libgcc.a(*)

.ARM.attributes
                0x00000000       0x29
 *(.ARM.attributes)
 .ARM.attributes
                0x00000000       0x1d c:/program files (x86)/atollic/truestudio for stm32 9.3.0/armtools/bin/../lib/gcc/arm-atollic-eabi/6.3.1/armv7-m/crti.o
 .ARM.attributes
                0x0000001d       0x2d c:/program files (x86)/atollic/truestudio for stm32 9.3.0/armtools/bin/../lib/gcc/arm-atollic-eabi/6.3.1/armv7-m/crtbegin.o
 .ARM.attributes
                0x0000004a       0x33 Drivers\STM32F1xx_HAL_Driver\Src\stm32f1xx_hal.o
 .ARM.attributes
                0x0000007d       0x33 Drivers\STM32F1xx_HAL_Driver\Src\stm32f1xx_hal_cortex.o
 .ARM.attributes
                0x000000b0       0x33 Drivers\STM32F1xx_HAL_Driver\Src\stm32f1xx_hal_gpio.o
 .ARM.attributes
                0x000000e3       0x33 Drivers\STM32F1xx_HAL_Driver\Src\stm32f1xx_hal_rcc.o
 .ARM.attributes
                0x00000116       0x33 Src\gpio.o
 .ARM.attributes
                0x00000149       0x33 Src\main.o
 .ARM.attributes
                0x0000017c       0x33 Src\stm32f1xx_hal_msp.o
 .ARM.attributes
                0x000001af       0x33 Src\stm32f1xx_it.o
 .ARM.attributes
                0x000001e2       0x33 Src\system_stm32f1xx.o
 .ARM.attributes
                0x00000215       0x21 startup\startup_stm32f107xc.o
 .ARM.attributes
                0x00000236       0x2d c:/program files (x86)/atollic/truestudio for stm32 9.3.0/armtools/bin/../lib/gcc/arm-atollic-eabi/6.3.1/../../../../arm-atollic-eabi/lib/armv7-m\libc_nano.a(lib_a-init.o)
 .ARM.attributes
                0x00000263       0x2d c:/program files (x86)/atollic/truestudio for stm32 9.3.0/armtools/bin/../lib/gcc/arm-atollic-eabi/6.3.1/../../../../arm-atollic-eabi/lib/armv7-m\libc_nano.a(lib_a-memset.o)
 .ARM.attributes
                0x00000290       0x1d c:/program files (x86)/atollic/truestudio for stm32 9.3.0/armtools/bin/../lib/gcc/arm-atollic-eabi/6.3.1/armv7-m\libgcc.a(_aeabi_uldivmod.o)
 .ARM.attributes
                0x000002ad       0x2d c:/program files (x86)/atollic/truestudio for stm32 9.3.0/armtools/bin/../lib/gcc/arm-atollic-eabi/6.3.1/armv7-m\libgcc.a(_udivmoddi4.o)
 .ARM.attributes
                0x000002da       0x1d c:/program files (x86)/atollic/truestudio for stm32 9.3.0/armtools/bin/../lib/gcc/arm-atollic-eabi/6.3.1/armv7-m\libgcc.a(_dvmd_tls.o)
 .ARM.attributes
                0x000002f7       0x1d c:/program files (x86)/atollic/truestudio for stm32 9.3.0/armtools/bin/../lib/gcc/arm-atollic-eabi/6.3.1/armv7-m/crtn.o
OUTPUT(lab1.elf elf32-littlearm)

.debug_info     0x00000000     0x33b6
 .debug_info    0x00000000      0x788 Drivers\STM32F1xx_HAL_Driver\Src\stm32f1xx_hal.o
 .debug_info    0x00000788      0xbb7 Drivers\STM32F1xx_HAL_Driver\Src\stm32f1xx_hal_cortex.o
 .debug_info    0x0000133f      0x69f Drivers\STM32F1xx_HAL_Driver\Src\stm32f1xx_hal_gpio.o
 .debug_info    0x000019de      0x8a8 Drivers\STM32F1xx_HAL_Driver\Src\stm32f1xx_hal_rcc.o
 .debug_info    0x00002286      0x371 Src\gpio.o
 .debug_info    0x000025f7      0x3dc Src\main.o
 .debug_info    0x000029d3      0x2eb Src\stm32f1xx_hal_msp.o
 .debug_info    0x00002cbe      0x200 Src\stm32f1xx_it.o
 .debug_info    0x00002ebe      0x471 Src\system_stm32f1xx.o
 .debug_info    0x0000332f       0x87 startup\startup_stm32f107xc.o

.debug_abbrev   0x00000000      0xe34
 .debug_abbrev  0x00000000      0x1d6 Drivers\STM32F1xx_HAL_Driver\Src\stm32f1xx_hal.o
 .debug_abbrev  0x000001d6      0x2d3 Drivers\STM32F1xx_HAL_Driver\Src\stm32f1xx_hal_cortex.o
 .debug_abbrev  0x000004a9      0x1be Drivers\STM32F1xx_HAL_Driver\Src\stm32f1xx_hal_gpio.o
 .debug_abbrev  0x00000667      0x225 Drivers\STM32F1xx_HAL_Driver\Src\stm32f1xx_hal_rcc.o
 .debug_abbrev  0x0000088c      0x132 Src\gpio.o
 .debug_abbrev  0x000009be      0x170 Src\main.o
 .debug_abbrev  0x00000b2e      0x107 Src\stm32f1xx_hal_msp.o
 .debug_abbrev  0x00000c35       0xc4 Src\stm32f1xx_it.o
 .debug_abbrev  0x00000cf9      0x129 Src\system_stm32f1xx.o
 .debug_abbrev  0x00000e22       0x12 startup\startup_stm32f107xc.o

.debug_aranges  0x00000000      0x3f0
 .debug_aranges
                0x00000000       0xe0 Drivers\STM32F1xx_HAL_Driver\Src\stm32f1xx_hal.o
 .debug_aranges
                0x000000e0      0x100 Drivers\STM32F1xx_HAL_Driver\Src\stm32f1xx_hal_cortex.o
 .debug_aranges
                0x000001e0       0x58 Drivers\STM32F1xx_HAL_Driver\Src\stm32f1xx_hal_gpio.o
 .debug_aranges
                0x00000238       0x90 Drivers\STM32F1xx_HAL_Driver\Src\stm32f1xx_hal_rcc.o
 .debug_aranges
                0x000002c8       0x20 Src\gpio.o
 .debug_aranges
                0x000002e8       0x38 Src\main.o
 .debug_aranges
                0x00000320       0x20 Src\stm32f1xx_hal_msp.o
 .debug_aranges
                0x00000340       0x60 Src\stm32f1xx_it.o
 .debug_aranges
                0x000003a0       0x28 Src\system_stm32f1xx.o
 .debug_aranges
                0x000003c8       0x28 startup\startup_stm32f107xc.o

.debug_ranges   0x00000000      0x358
 .debug_ranges  0x00000000       0xd0 Drivers\STM32F1xx_HAL_Driver\Src\stm32f1xx_hal.o
 .debug_ranges  0x000000d0       0xf0 Drivers\STM32F1xx_HAL_Driver\Src\stm32f1xx_hal_cortex.o
 .debug_ranges  0x000001c0       0x48 Drivers\STM32F1xx_HAL_Driver\Src\stm32f1xx_hal_gpio.o
 .debug_ranges  0x00000208       0x80 Drivers\STM32F1xx_HAL_Driver\Src\stm32f1xx_hal_rcc.o
 .debug_ranges  0x00000288       0x10 Src\gpio.o
 .debug_ranges  0x00000298       0x28 Src\main.o
 .debug_ranges  0x000002c0       0x10 Src\stm32f1xx_hal_msp.o
 .debug_ranges  0x000002d0       0x50 Src\stm32f1xx_it.o
 .debug_ranges  0x00000320       0x18 Src\system_stm32f1xx.o
 .debug_ranges  0x00000338       0x20 startup\startup_stm32f107xc.o

.debug_macro    0x00000000    0x1a465
 .debug_macro   0x00000000      0x19f Drivers\STM32F1xx_HAL_Driver\Src\stm32f1xx_hal.o
 .debug_macro   0x0000019f      0x8b6 Drivers\STM32F1xx_HAL_Driver\Src\stm32f1xx_hal.o
 .debug_macro   0x00000a55      0x20f Drivers\STM32F1xx_HAL_Driver\Src\stm32f1xx_hal.o
 .debug_macro   0x00000c64       0x2e Drivers\STM32F1xx_HAL_Driver\Src\stm32f1xx_hal.o
 .debug_macro   0x00000c92       0x22 Drivers\STM32F1xx_HAL_Driver\Src\stm32f1xx_hal.o
 .debug_macro   0x00000cb4       0x22 Drivers\STM32F1xx_HAL_Driver\Src\stm32f1xx_hal.o
 .debug_macro   0x00000cd6       0x87 Drivers\STM32F1xx_HAL_Driver\Src\stm32f1xx_hal.o
 .debug_macro   0x00000d5d       0x51 Drivers\STM32F1xx_HAL_Driver\Src\stm32f1xx_hal.o
 .debug_macro   0x00000dae       0xef Drivers\STM32F1xx_HAL_Driver\Src\stm32f1xx_hal.o
 .debug_macro   0x00000e9d       0x6a Drivers\STM32F1xx_HAL_Driver\Src\stm32f1xx_hal.o
 .debug_macro   0x00000f07      0x1df Drivers\STM32F1xx_HAL_Driver\Src\stm32f1xx_hal.o
 .debug_macro   0x000010e6       0x1c Drivers\STM32F1xx_HAL_Driver\Src\stm32f1xx_hal.o
 .debug_macro   0x00001102       0x22 Drivers\STM32F1xx_HAL_Driver\Src\stm32f1xx_hal.o
 .debug_macro   0x00001124       0xc3 Drivers\STM32F1xx_HAL_Driver\Src\stm32f1xx_hal.o
 .debug_macro   0x000011e7      0xd23 Drivers\STM32F1xx_HAL_Driver\Src\stm32f1xx_hal.o
 .debug_macro   0x00001f0a    0x15c59 Drivers\STM32F1xx_HAL_Driver\Src\stm32f1xx_hal.o
 .debug_macro   0x00017b63       0x43 Drivers\STM32F1xx_HAL_Driver\Src\stm32f1xx_hal.o
 .debug_macro   0x00017ba6      0x174 Drivers\STM32F1xx_HAL_Driver\Src\stm32f1xx_hal.o
 .debug_macro   0x00017d1a       0x4e Drivers\STM32F1xx_HAL_Driver\Src\stm32f1xx_hal.o
 .debug_macro   0x00017d68      0x5be Drivers\STM32F1xx_HAL_Driver\Src\stm32f1xx_hal.o
 .debug_macro   0x00018326      0x6b4 Drivers\STM32F1xx_HAL_Driver\Src\stm32f1xx_hal.o
 .debug_macro   0x000189da      0x1cb Drivers\STM32F1xx_HAL_Driver\Src\stm32f1xx_hal.o
 .debug_macro   0x00018ba5      0x114 Drivers\STM32F1xx_HAL_Driver\Src\stm32f1xx_hal.o
 .debug_macro   0x00018cb9      0x214 Drivers\STM32F1xx_HAL_Driver\Src\stm32f1xx_hal.o
 .debug_macro   0x00018ecd       0x27 Drivers\STM32F1xx_HAL_Driver\Src\stm32f1xx_hal.o
 .debug_macro   0x00018ef4      0x13c Drivers\STM32F1xx_HAL_Driver\Src\stm32f1xx_hal.o
 .debug_macro   0x00019030      0x1bc Drivers\STM32F1xx_HAL_Driver\Src\stm32f1xx_hal.o
 .debug_macro   0x000191ec       0x30 Drivers\STM32F1xx_HAL_Driver\Src\stm32f1xx_hal.o
 .debug_macro   0x0001921c       0x3c Drivers\STM32F1xx_HAL_Driver\Src\stm32f1xx_hal.o
 .debug_macro   0x00019258       0x57 Drivers\STM32F1xx_HAL_Driver\Src\stm32f1xx_hal.o
 .debug_macro   0x000192af       0x88 Drivers\STM32F1xx_HAL_Driver\Src\stm32f1xx_hal.o
 .debug_macro   0x00019337      0x24f Drivers\STM32F1xx_HAL_Driver\Src\stm32f1xx_hal.o
 .debug_macro   0x00019586      0x141 Drivers\STM32F1xx_HAL_Driver\Src\stm32f1xx_hal.o
 .debug_macro   0x000196c7       0xdf Drivers\STM32F1xx_HAL_Driver\Src\stm32f1xx_hal.o
 .debug_macro   0x000197a6      0x17b Drivers\STM32F1xx_HAL_Driver\Src\stm32f1xx_hal_cortex.o
 .debug_macro   0x00019921      0x1e6 Drivers\STM32F1xx_HAL_Driver\Src\stm32f1xx_hal_gpio.o
 .debug_macro   0x00019b07      0x18d Drivers\STM32F1xx_HAL_Driver\Src\stm32f1xx_hal_rcc.o
 .debug_macro   0x00019c94      0x194 Src\gpio.o
 .debug_macro   0x00019e28       0x10 Src\gpio.o
 .debug_macro   0x00019e38      0x193 Src\main.o
 .debug_macro   0x00019fcb      0x185 Src\stm32f1xx_hal_msp.o
 .debug_macro   0x0001a150      0x194 Src\stm32f1xx_it.o
 .debug_macro   0x0001a2e4      0x181 Src\system_stm32f1xx.o

.debug_line     0x00000000     0x3464
 .debug_line    0x00000000      0x677 Drivers\STM32F1xx_HAL_Driver\Src\stm32f1xx_hal.o
 .debug_line    0x00000677      0x74f Drivers\STM32F1xx_HAL_Driver\Src\stm32f1xx_hal_cortex.o
 .debug_line    0x00000dc6      0x675 Drivers\STM32F1xx_HAL_Driver\Src\stm32f1xx_hal_gpio.o
 .debug_line    0x0000143b      0x785 Drivers\STM32F1xx_HAL_Driver\Src\stm32f1xx_hal_rcc.o
 .debug_line    0x00001bc0      0x49f Src\gpio.o
 .debug_line    0x0000205f      0x4e5 Src\main.o
 .debug_line    0x00002544      0x498 Src\stm32f1xx_hal_msp.o
 .debug_line    0x000029dc      0x53b Src\stm32f1xx_it.o
 .debug_line    0x00002f17      0x4ce Src\system_stm32f1xx.o
 .debug_line    0x000033e5       0x7f startup\startup_stm32f107xc.o

.debug_str      0x00000000    0x9365c
 .debug_str     0x00000000    0x92985 Drivers\STM32F1xx_HAL_Driver\Src\stm32f1xx_hal.o
                              0x92cbf (size before relaxing)
 .debug_str     0x00092985      0x326 Drivers\STM32F1xx_HAL_Driver\Src\stm32f1xx_hal_cortex.o
                              0x92cbf (size before relaxing)
 .debug_str     0x00092cab      0x3a9 Drivers\STM32F1xx_HAL_Driver\Src\stm32f1xx_hal_gpio.o
                              0x9290d (size before relaxing)
 .debug_str     0x00093054      0x3d2 Drivers\STM32F1xx_HAL_Driver\Src\stm32f1xx_hal_rcc.o
                              0x929b3 (size before relaxing)
 .debug_str     0x00093426       0x6c Src\gpio.o
                              0x925cc (size before relaxing)
 .debug_str     0x00093492       0x5b Src\main.o
                              0x926dc (size before relaxing)
 .debug_str     0x000934ed       0x1b Src\stm32f1xx_hal_msp.o
                              0x92557 (size before relaxing)
 .debug_str     0x00093508       0xb8 Src\stm32f1xx_it.o
                              0x92593 (size before relaxing)
 .debug_str     0x000935c0       0x9c Src\system_stm32f1xx.o
                              0x925eb (size before relaxing)

.comment        0x00000000       0x7c
 .comment       0x00000000       0x7c Drivers\STM32F1xx_HAL_Driver\Src\stm32f1xx_hal.o
                                 0x7d (size before relaxing)
 .comment       0x0000007c       0x7d Drivers\STM32F1xx_HAL_Driver\Src\stm32f1xx_hal_cortex.o
 .comment       0x0000007c       0x7d Drivers\STM32F1xx_HAL_Driver\Src\stm32f1xx_hal_gpio.o
 .comment       0x0000007c       0x7d Drivers\STM32F1xx_HAL_Driver\Src\stm32f1xx_hal_rcc.o
 .comment       0x0000007c       0x7d Src\gpio.o
 .comment       0x0000007c       0x7d Src\main.o
 .comment       0x0000007c       0x7d Src\stm32f1xx_hal_msp.o
 .comment       0x0000007c       0x7d Src\stm32f1xx_it.o
 .comment       0x0000007c       0x7d Src\system_stm32f1xx.o

.debug_frame    0x00000000      0xddc
 .debug_frame   0x00000000      0x334 Drivers\STM32F1xx_HAL_Driver\Src\stm32f1xx_hal.o
 .debug_frame   0x00000334      0x428 Drivers\STM32F1xx_HAL_Driver\Src\stm32f1xx_hal_cortex.o
 .debug_frame   0x0000075c      0x14c Drivers\STM32F1xx_HAL_Driver\Src\stm32f1xx_hal_gpio.o
 .debug_frame   0x000008a8      0x21c Drivers\STM32F1xx_HAL_Driver\Src\stm32f1xx_hal_rcc.o
 .debug_frame   0x00000ac4       0x34 Src\gpio.o
 .debug_frame   0x00000af8       0x9c Src\main.o
 .debug_frame   0x00000b94       0x38 Src\stm32f1xx_hal_msp.o
 .debug_frame   0x00000bcc      0x10c Src\stm32f1xx_it.o
 .debug_frame   0x00000cd8       0x58 Src\system_stm32f1xx.o
 .debug_frame   0x00000d30       0x2c c:/program files (x86)/atollic/truestudio for stm32 9.3.0/armtools/bin/../lib/gcc/arm-atollic-eabi/6.3.1/../../../../arm-atollic-eabi/lib/armv7-m\libc_nano.a(lib_a-init.o)
 .debug_frame   0x00000d5c       0x20 c:/program files (x86)/atollic/truestudio for stm32 9.3.0/armtools/bin/../lib/gcc/arm-atollic-eabi/6.3.1/../../../../arm-atollic-eabi/lib/armv7-m\libc_nano.a(lib_a-memset.o)
 .debug_frame   0x00000d7c       0x2c c:/program files (x86)/atollic/truestudio for stm32 9.3.0/armtools/bin/../lib/gcc/arm-atollic-eabi/6.3.1/armv7-m\libgcc.a(_aeabi_uldivmod.o)
 .debug_frame   0x00000da8       0x34 c:/program files (x86)/atollic/truestudio for stm32 9.3.0/armtools/bin/../lib/gcc/arm-atollic-eabi/6.3.1/armv7-m\libgcc.a(_udivmoddi4.o)
